// Jest Snapshot v1, https://goo.gl/fbAQLP

exports[`AllDates component renders AllDates 1`] = `
<DocumentFragment>
  <ul>
    <li
      style="margin: 50px;"
    >
      <a
        href="/date/2021-01-01"
      >
         
        <figure>
          <img
            src="https://apod.nasa.gov/apod/image/2101/2020_12_16_Kujal_Jizni_Pol_1500px-3.jpg"
            style="height: 50%; width: 50%;"
          />
          <figcaption>
            Galaxies and the South Celestial Pole
          </figcaption>
          <figcaption>
            2021-01-01
          </figcaption>
        </figure>
      </a>
    </li>
    ;
  </ul>
</DocumentFragment>
`;
